
===== EXECUTE NOTEBOOK CELL 0001 =====
NumPy: 2.5.1
Pandas: 3.0.3
SciPy available: True

===== EXECUTE NOTEBOOK CELL 0003 =====
DIM = 4
Requested N cap = 71
Manual memory budget = 160.0 GiB
Estimated scalar fields = 260
Largest RAM-safe N selected = 71
Estimated full-run footprint at N=71: 49.23 GiB
Estimated full-run footprint at requested N=71: 49.23 GiB

===== EXECUTE NOTEBOOK CELL 0005 =====

===== EXECUTE NOTEBOOK CELL 0007 =====

===== EXECUTE NOTEBOOK CELL 0009 =====
Building geometry with dim=4, N=71
Estimated full-run footprint: 49.23 GiB
Built geometry: 4 71 (71, 71, 71, 71)

===== EXECUTE NOTEBOOK CELL 0011 =====
||G^a_b||_2 = 0.07374262468143811
||nabla_a G^a_b||_2 = 0.0003346763025629747
relative Bianchi residual = 0.004538437626932157

===== EXECUTE NOTEBOOK CELL 0012 =====

===== EXECUTE NOTEBOOK CELL 0014 =====
Hessian Q ||Q||: 0.020789563435884957
Hessian Q ||div Q||: 0.00032303128804268177
C/Q: 0.015538146774409704

===== EXECUTE NOTEBOOK CELL 0015 =====

===== EXECUTE NOTEBOOK CELL 0017 =====
lambda_fit = 0.016040293872608795
beta_fit = -1.034302023799197
fit residual ratio = 0.5698491960174855

===== EXECUTE NOTEBOOK CELL 0018 =====

===== EXECUTE NOTEBOOK CELL 0019 =====

===== EXECUTE NOTEBOOK CELL 0021 =====

===== EXECUTE NOTEBOOK CELL 0023 =====
Exporting Stage 4 outputs for DIM=4, N=71
Export directory: /home/julio/spinelli-framework/repro/spinelli-alcubierre-stage6-repro/results/stage4_n71_delta_tau_matrix_20260716_194346/dtau_0p08/stage4_dim4_article_exports
Stage 4A exports...
Stage 4B exports...
Stage 4C analytic residual exports...
Stage 4C direct candidate ranking exports...
Computing direct candidate: H
  done in 6.8 s, C/Q=0.0155381
Computing direct candidate: HT lambda_fit=0.0160403
  done in 7.2 s, C/Q=0.0152218
Computing direct candidate: R beta_fit=-1.0343
  done in 7.2 s, C/Q=0.0128149
Computing direct candidate: HTR lambda_fit=0.0160403, beta_fit=-1.0343
  done in 7.7 s, C/Q=0.0126961
Best direct candidate: HTR lambda_fit=0.0160403, beta_fit=-1.0343

EXPORT COMPLETE
Folder: /home/julio/spinelli-framework/repro/spinelli-alcubierre-stage6-repro/results/stage4_n71_delta_tau_matrix_20260716_194346/dtau_0p08/stage4_dim4_article_exports
ZIP: /home/julio/spinelli-framework/repro/spinelli-alcubierre-stage6-repro/results/stage4_n71_delta_tau_matrix_20260716_194346/dtau_0p08/stage4_dim4_article_exports.zip

Please upload this ZIP file back here:
/home/julio/spinelli-framework/repro/spinelli-alcubierre-stage6-repro/results/stage4_n71_delta_tau_matrix_20260716_194346/dtau_0p08/stage4_dim4_article_exports.zip
   DIM   N        dt        dx        dy        dz      G_L2   divG_L2  relative_Bianchi_residual  rho_num_min   rho_num_max  rho_A_min  rho_A_max  rho_relative_peak_error
0    4  71  0.011429  0.142857  0.142857  0.142857  0.073743  0.000335                   0.004538    -0.000607 -1.265881e-11  -0.000622       -0.0                 0.037034
   DIM   N     Q_L2      C_L2  normalized_Q_conservation_residual    S_peak  Q00_peak_abs    C_peak
0    4  71  0.02079  0.000323                            0.015538  0.009346      0.118675  0.004226
   DIM   N  lambda_fit  beta_fit  residual_H  residual_HT_lambda_fit  residual_R_beta_fit  residual_HTR_lambda_beta_fit  improvement_HT_over_H  improvement_R_over_H  improvement_HTR_over_H
0    4  71     0.01604 -1.034302    0.000118                0.000112             0.000072                      0.000067               0.053596              0.386949                0.430151
                                    candidate   lambda      beta      Q_L2      C_L2  C_over_Q  normalized_residual  rank
0  HTR lambda_fit=0.0160403, beta_fit=-1.0343  0.01604 -1.034302  0.020799  0.000264  0.012696             0.012696     1
1                          R beta_fit=-1.0343  0.00000 -1.034302  0.020819  0.000267  0.012815             0.012815     2
2                     HT lambda_fit=0.0160403  0.01604  0.000000  0.020770  0.000316  0.015222             0.015222     3
3                                           H  0.00000  0.000000  0.020790  0.000323  0.015538             0.015538     4

===== EXECUTE NOTEBOOK CELL 0024 =====
Stage 4D action-derived Q comparison
lambda_fit  = 0.016040293872608795
beta_fit    = -1.034302023799197
beta_action = -1.0
                       case   lambda      beta      Q_L2      C_L2  normalized_residual  relative_tensor_difference_vs_fit
0           Best fitted HTR  0.01604 -1.034302  0.020799  0.000264             0.012696                           0.000000
1  Action-predicted beta=-1  0.01604 -1.000000  0.020798  0.000264             0.012696                           0.000295
2   Difference action - fit      NaN  0.034302  0.000006  0.000006             0.959482                           0.000295

Key interpretation numbers
Relative tensor difference action vs fit: 0.0295%
Action residual / fitted residual: 1.000004
Residual penalty of action tensor: 0.0004%

EXPORT COMPLETE
Folder: /home/julio/spinelli-framework/repro/spinelli-alcubierre-stage6-repro/results/stage4_n71_delta_tau_matrix_20260716_194346/dtau_0p08/stage4D_action_Q_comparison_exports
ZIP: /home/julio/spinelli-framework/repro/spinelli-alcubierre-stage6-repro/results/stage4_n71_delta_tau_matrix_20260716_194346/dtau_0p08/stage4D_action_Q_comparison_exports.zip

Upload this ZIP back here so I can update the HTML article:
/home/julio/spinelli-framework/repro/spinelli-alcubierre-stage6-repro/results/stage4_n71_delta_tau_matrix_20260716_194346/dtau_0p08/stage4D_action_Q_comparison_exports.zip
===== STAGE 4 N71 DELTA_TAU=0.08 =====
Notebook SHA256: 1e605096b1334c1998331c4fefdc1017b2d783120f8079e4d836f40af4680afe
Historical notebook modified on disk: NO
Selected N: 71
Selected DELTA_TAU: 0.08

===== METRICS =====
relative_Bianchi_residual: 0.0045384376269321574
rho_relative_peak_error: 0.037033850908382716
Hessian_Q_normalized_residual: 0.015538146774409704
HTR_normalized_residual: 0.012696070421121537
lambda_fit: 0.016040293872608795
beta_fit: -1.0343020237991969
action_over_fit: 1.0000042943090572
action_fit_tensor_difference_percent: 0.02947040307234202
action_residual_penalty_percent: 0.00042943090572400422
HTR_improvement_over_H: 0.43015080398251448

STAGE4_N71_DTAU_0P08_RESULT=PASS
PACKAGE=/home/julio/spinelli-framework/repro/spinelli-alcubierre-stage6-repro/results/stage4_n71_delta_tau_matrix_20260716_194346/dtau_0p08.zip
	Command being timed: "nice -n 5 ionice -c2 -n7 /home/julio/.venvs/spinelli-stage4-n61/bin/python scripts/run_stage4_n71_delta_tau_case.py --repo /home/julio/spinelli-framework/repro/spinelli-alcubierre-stage6-repro --output-dir /home/julio/spinelli-framework/repro/spinelli-alcubierre-stage6-repro/results/stage4_n71_delta_tau_matrix_20260716_194346/dtau_0p08 --delta-tau 0.08"
	User time (seconds): 121.93
	System time (seconds): 37.69
	Percent of CPU this job got: 105%
	Elapsed (wall clock) time (h:mm:ss or m:ss): 2:30.86
	Average shared text size (kbytes): 0
	Average unshared data size (kbytes): 0
	Average stack size (kbytes): 0
	Average total size (kbytes): 0
	Maximum resident set size (kbytes): 109382924
	Average resident set size (kbytes): 0
	Major (requiring I/O) page faults: 0
	Minor (reclaiming a frame) page faults: 5502430
	Voluntary context switches: 139
	Involuntary context switches: 1191
	Swaps: 0
	File system inputs: 0
	File system outputs: 10440
	Socket messages sent: 0
	Socket messages received: 0
	Signals delivered: 0
	Page size (bytes): 4096
	Exit status: 0
RUN_EXIT_CODE=0
OUTPUT_DIR=/home/julio/spinelli-framework/repro/spinelli-alcubierre-stage6-repro/results/stage4_n71_delta_tau_matrix_20260716_194346/dtau_0p08
LOG=/home/julio/spinelli-framework/repro/spinelli-alcubierre-stage6-repro/results/stage4_n71_delta_tau_matrix_20260716_194346/dtau_0p08/stage4_n71_dtau_0p08.run.log
